// Jest Snapshot v1, https://goo.gl/fbAQLP

exports[`Card component is rendered properly 1`] = `
<Router
  history={
    Object {
      "action": "POP",
      "block": [Function],
      "createHref": [Function],
      "go": [Function],
      "goBack": [Function],
      "goForward": [Function],
      "listen": [Function],
      "location": Object {
        "hash": "",
        "pathname": "/",
        "search": "",
        "state": undefined,
      },
      "push": [Function],
      "replace": [Function],
    }
  }
  staticContext={Object {}}
>
  <Card
    apartment={
      Object {
        "bedrooms": 2,
        "cityCoords": Array [
          52.38333,
          4.9,
        ],
        "cityName": "Amsterdam",
        "cityZoom": 15,
        "coordinates": Array [
          52.3909553943508,
          4.85309666406198,
        ],
        "description": "description",
        "goods": Array [
          "Something",
        ],
        "host": Object {
          "avatar": "apartment-01.jpg",
          "id": 2,
          "isPro": true,
          "name": "Name",
        },
        "id": 1,
        "images": Array [
          "img/apartment-01.jpg",
        ],
        "isInBookmarks": false,
        "isPremium": true,
        "maxAdults": 4,
        "photoUrl": "img/apartment-01.jpg",
        "price": 120,
        "rating": 4.65,
        "title": "Beautiful & luxurious apartment at great location",
        "type": "Apartment",
        "zoom": 16,
      }
    }
    cardClass="near-places__card"
    imageWrapperClass="near-places__image-wrapper"
    infoClass=""
    isSmall={false}
    onImgClick={[Function]}
  />
</Router>
`;
