// Jest Snapshot v1, https://goo.gl/fbAQLP

exports[`Main component is rendered properly 1`] = `
<main
  className="page__main page__main--index page__main--index-empty"
>
  <h1
    className="visually-hidden"
  >
    Cities
  </h1>
  <CityList
    cities={
      Array [
        "Amsterdam",
        "Paris",
      ]
    }
    citiesCoords={
      Object {
        "Amsterdam": Array [
          52.38333,
          4.9,
        ],
        "Paris": Array [
          48.864716,
          2.349014,
        ],
      }
    }
    citiesZoom={
      Object {
        "Amsterdam": 17,
        "Paris": 15,
      }
    }
    city="Amsterdam"
    handleCityChange={[Function]}
  />
  <div
    className="cities__places-wrapper"
  >
    <div
      className="cities__places-container cities__places-container--empty container"
    >
      <section
        className="cities__no-places"
      >
        <div
          className="cities__status-wrapper tabs__content"
        >
          <b
            className="cities__status"
          >
            No places to stay available
          </b>
          <p
            className="cities__status-description"
          >
            We could not find any property available at the moment in 
            Amsterdam
          </p>
        </div>
      </section>
      <div
        className="cities__right-section"
      />
    </div>
  </div>
</main>
`;
